[  0.19] RAW[22] flags=0x09F4 bytes: F4 09 00 00 00 00 00 00 00 21 00 00 00 00 00 00 00 00 00 00 00 00
[  0.19] Power = 0
[  0.19] Power = 0 | Cadence = 0 | Resistance = 33
[  1.14] RAW[22] flags=0x09F4 bytes: F4 09 00 00 00 00 00 00 00 21 00 00 00 00 00 00 00 00 00 00 00 00
[  1.14] Power = 0
[  1.14] Power = 0 | Cadence = 0 | Resistance = 33
[  2.14] RAW[22] flags=0x09F4 bytes: F4 09 00 00 00 00 00 00 00 21 00 00 00 00 00 00 00 00 00 00 00 00
[  2.14] Power = 0
[  2.14] Power = 0 | Cadence = 0 | Resistance = 33
[  3.19] RAW[22] flags=0x09F4 bytes: F4 09 00 00 00 00 00 00 00 21 00 00 00 00 00 00 00 00 00 00 00 00
[  3.19] Power = 0
[  3.19] Power = 0 | Cadence = 0 | Resistance = 33
[  4.14] RAW[22] flags=0x09F4 bytes: F4 09 00 00 00 00 00 00 00 21 00 00 00 00 00 00 00 00 00 00 00 00
[  4.14] Power = 0
[  4.14] Power = 0 | Cadence = 0 | Resistance = 33
[  5.19] RAW[22] flags=0x09F4 bytes: F4 09 00 00 00 00 00 00 00 21 00 00 00 00 00 00 00 00 00 00 00 00
[  5.19] Power = 0
[  5.19] Power = 0 | Cadence = 0 | Resistance = 33
[  6.14] RAW[22] flags=0x09F4 bytes: F4 09 00 00 00 00 00 00 00 21 00 00 00 00 00 00 00 00 00 00 00 00
[  6.14] Power = 0
[  6.14] Power = 0 | Cadence = 0 | Resistance = 33
[  7.19] RAW[22] flags=0x09F4 bytes: F4 09 00 00 00 00 00 00 00 21 00 00 00 00 00 00 00 00 00 00 00 00
[  7.19] Power = 0
[  7.19] Power = 0 | Cadence = 0 | Resistance = 33
[  8.14] RAW[22] flags=0x09F4 bytes: F4 09 00 00 00 00 00 00 00 21 00 00 00 00 00 00 00 00 00 00 00 00
[  8.14] Power = 0
[  8.14] Power = 0 | Cadence = 0 | Resistance = 33
[  9.19] RAW[22] flags=0x09F4 bytes: F4 09 00 00 00 00 00 00 00 21 00 00 00 00 00 00 00 00 00 00 00 00
[  9.19] Power = 0
[  9.19] Power = 0 | Cadence = 0 | Resistance = 33
[ 10.09] RAW[22] flags=0x09F4 bytes: F4 09 00 00 00 00 00 00 00 21 00 00 00 00 00 00 00 00 00 00 00 00
[ 10.09] Power = 0
[ 10.09] Power = 0 | Cadence = 0 | Resistance = 33
[ 11.09] RAW[22] flags=0x09F4 bytes: F4 09 00 00 00 00 00 00 00 21 00 00 00 00 00 00 00 00 00 00 00 00
[ 11.09] Power = 0
[ 11.09] Power = 0 | Cadence = 0 | Resistance = 33
[ 12.09] RAW[22] flags=0x09F4 bytes: F4 09 00 00 00 00 00 00 00 21 00 00 00 00 00 00 00 00 00 00 00 00
[ 12.09] Power = 0
[ 12.10] Power = 0 | Cadence = 0 | Resistance = 33
[ 13.14] RAW[22] flags=0x09F4 bytes: F4 09 00 00 00 00 00 00 00 21 00 00 00 00 00 00 00 00 00 00 00 00
[ 13.14] Power = 0
[ 13.15] Power = 0 | Cadence = 0 | Resistance = 33
[ 14.14] RAW[22] flags=0x09F4 bytes: F4 09 00 00 00 00 00 00 00 21 00 00 00 00 00 00 00 00 00 00 00 00
[ 14.14] Power = 0
[ 14.14] Power = 0 | Cadence = 0 | Resistance = 33
[ 15.09] RAW[22] flags=0x09F4 bytes: F4 09 00 00 00 00 00 00 00 21 00 00 00 00 00 00 00 00 00 00 00 00
[ 15.09] Power = 0
[ 15.09] Power = 0 | Cadence = 0 | Resistance = 33
[ 16.09] RAW[22] flags=0x09F4 bytes: F4 09 00 00 00 00 00 00 00 21 00 00 00 00 00 00 00 00 00 00 00 00
[ 16.09] Power = 0
[ 16.09] Power = 0 | Cadence = 0 | Resistance = 33
[ 17.09] RAW[22] flags=0x09F4 bytes: F4 09 00 00 00 00 00 00 00 21 00 00 00 00 00 00 00 00 00 00 00 00
[ 17.09] Power = 0
[ 17.09] Power = 0 | Cadence = 0 | Resistance = 33
[ 18.09] RAW[22] flags=0x09F4 bytes: F4 09 00 00 00 00 00 00 00 21 00 00 00 00 00 00 00 00 00 00 01 00
[ 18.09] Power = 0
[ 18.09] Power = 0 | Cadence = 0 | Resistance = 33
[ 19.14] RAW[22] flags=0x09F4 bytes: F4 09 00 00 00 00 00 00 00 21 00 00 00 00 00 00 00 FF FF FF 02 00
[ 19.14] Power = 0
[ 19.14] Power = 0 | Cadence = 0 | Resistance = 33
[ 20.09] RAW[22] flags=0x09F4 bytes: F4 09 E5 04 42 00 03 00 00 21 00 12 00 06 00 00 00 FF FF FF 03 00
[ 20.09] Power = 18
[ 20.09] Power = 23 | Cadence = 33 | Resistance = 33
[ 21.09] RAW[22] flags=0x09F4 bytes: F4 09 E5 04 42 00 06 00 00 21 00 12 00 09 00 00 00 FF FF FF 04 00
[ 21.09] Power = 18
[ 21.10] Power = 23 | Cadence = 33 | Resistance = 33
[ 22.09] RAW[22] flags=0x09F4 bytes: F4 09 0B 05 44 00 0A 00 00 21 00 13 00 0B 00 00 00 FF FF FF 05 00
[ 22.09] Power = 19
[ 22.09] Power = 24 | Cadence = 34 | Resistance = 33
[ 23.09] RAW[22] flags=0x09F4 bytes: F4 09 7D 05 4A 00 0E 00 00 21 00 16 00 0C 00 00 00 FF FF FF 06 00
[ 23.09] Power = 22
[ 23.09] Power = 28 | Cadence = 37 | Resistance = 33
[ 24.09] RAW[22] flags=0x09F4 bytes: F4 09 7D 05 4A 00 12 00 00 21 00 16 00 0E 00 00 00 FF FF FF 07 00
[ 24.09] Power = 22
[ 24.10] Power = 28 | Cadence = 37 | Resistance = 33
[ 25.09] RAW[22] flags=0x09F4 bytes: F4 09 57 05 48 00 16 00 00 20 00 14 00 0E 00 00 00 FF FF FF 08 00
[ 25.09] Power = 20
[ 25.09] Power = 25 | Cadence = 36 | Resistance = 32
[ 26.14] RAW[22] flags=0x09F4 bytes: F4 09 57 05 48 00 19 00 00 38 00 20 00 10 00 00 00 FF FF FF 09 00
[ 26.14] Power = 32
[ 26.14] Power = 40 | Cadence = 36 | Resistance = 56
[ 27.09] RAW[22] flags=0x09F4 bytes: F4 09 0B 05 44 00 1D 00 00 47 00 2C 00 13 00 00 00 FF FF FF 0A 00
[ 27.09] Power = 44
[ 27.09] Power = 56 | Cadence = 34 | Resistance = 71
[ 28.14] RAW[22] flags=0x09F4 bytes: F4 09 0B 05 44 00 21 00 00 57 00 43 00 17 00 00 00 FF FF FF 0B 00
[ 28.14] Power = 67
[ 28.14] Power = 85 | Cadence = 34 | Resistance = 87
[ 29.09] RAW[22] flags=0x09F4 bytes: F4 09 27 04 38 00 24 00 00 64 00 3F 00 1B 00 00 00 FF FF FF 0C 00
[ 29.09] Power = 63
[ 29.09] Power = 80 | Cadence = 28 | Resistance = 100
[ 30.09] RAW[22] flags=0x09F4 bytes: F4 09 27 04 38 00 27 00 00 64 00 3F 00 1D 00 00 00 FF FF FF 0D 00
[ 30.09] Power = 63
[ 30.09] Power = 80 | Cadence = 28 | Resistance = 100
[ 31.09] RAW[22] flags=0x09F4 bytes: F4 09 27 04 38 00 29 00 00 64 00 3F 00 20 00 00 00 FF FF FF 0E 00
[ 31.09] Power = 63
[ 31.09] Power = 80 | Cadence = 28 | Resistance = 100
[ 32.09] RAW[22] flags=0x09F4 bytes: F4 09 00 00 00 00 29 00 00 64 00 00 00 1E 00 00 00 FF FF FF 0F 00
[ 32.09] Power = 0
[ 32.09] Power = 0 | Cadence = 0 | Resistance = 100
[ 33.14] RAW[22] flags=0x09F4 bytes: F4 09 00 00 00 00 29 00 00 64 00 00 00 1C 00 00 00 FF FF FF 10 00
[ 33.14] Power = 0
[ 33.14] Power = 0 | Cadence = 0 | Resistance = 100
[ 34.09] RAW[22] flags=0x09F4 bytes: F4 09 00 00 00 00 29 00 00 64 00 00 00 1A 00 00 00 FF FF FF 11 00
[ 34.09] Power = 0
[ 34.09] Power = 0 | Cadence = 0 | Resistance = 100
[ 35.04] RAW[22] flags=0x09F4 bytes: F4 09 00 00 00 00 29 00 00 64 00 00 00 19 00 00 00 FF FF FF 12 00
[ 35.04] Power = 0
[ 35.04] Power = 0 | Cadence = 0 | Resistance = 100
[ 36.09] RAW[22] flags=0x09F4 bytes: F4 09 00 00 00 00 29 00 00 64 00 00 00 17 00 00 00 FF FF FF 13 00
[ 36.09] Power = 0
[ 36.09] Power = 0 | Cadence = 0 | Resistance = 100
[ 37.09] RAW[22] flags=0x09F4 bytes: F4 09 00 00 00 00 29 00 00 64 00 00 00 16 00 00 00 FF FF FF 14 00
[ 37.09] Power = 0
[ 37.09] Power = 0 | Cadence = 0 | Resistance = 100
[ 38.14] RAW[22] flags=0x09F4 bytes: F4 09 00 00 00 00 29 00 00 64 00 00 00 15 00 00 00 FF FF FF 15 00
[ 38.14] Power = 0
[ 38.14] Power = 0 | Cadence = 0 | Resistance = 100
[ 39.04] RAW[22] flags=0x09F4 bytes: F4 09 00 00 00 00 29 00 00 64 00 00 00 14 00 00 00 FF FF FF 16 00
[ 39.04] Power = 0
[ 39.04] Power = 0 | Cadence = 0 | Resistance = 100
[ 40.09] RAW[22] flags=0x09F4 bytes: F4 09 00 00 00 00 29 00 00 64 00 00 00 13 00 00 00 FF FF FF 17 00
[ 40.09] Power = 0
[ 40.09] Power = 0 | Cadence = 0 | Resistance = 100
[ 41.09] RAW[22] flags=0x09F4 bytes: F4 09 00 00 00 00 29 00 00 64 00 00 00 12 00 00 00 FF FF FF 18 00
[ 41.09] Power = 0
[ 41.09] Power = 0 | Cadence = 0 | Resistance = 100
[ 42.04] RAW[22] flags=0x09F4 bytes: F4 09 00 00 00 00 29 00 00 61 00 00 00 12 00 00 00 FF FF FF 18 00
[ 42.04] Power = 0
[ 42.04] Power = 0 | Cadence = 0 | Resistance = 97
[ 43.04] RAW[22] flags=0x09F4 bytes: F4 09 00 00 00 00 29 00 00 61 00 00 00 12 00 00 00 FF FF FF 18 00
[ 43.04] Power = 0
[ 43.04] Power = 0 | Cadence = 0 | Resistance = 97
[ 44.14] RAW[22] flags=0x09F4 bytes: F4 09 00 00 00 00 29 00 00 61 00 00 00 12 00 00 00 FF FF FF 18 00
[ 44.14] Power = 0
[ 44.14] Power = 0 | Cadence = 0 | Resistance = 97
